D:\readora\readora\.venv-libretranslate\Lib\site-packages\requests\__init__.py:109: RequestsDependencyWarning: urllib3 (2.7.0) or chardet (7.6.0)/charset_normalizer (3.5.1) doesn't match a supported version!
  warnings.warn(
INFO:argostranslate.utils:('paragraphs:', ['???????'])
INFO:argostranslate.utils:('apply_packaged_translation', '???????')
INFO:argostranslate.utils:('Splitting sentences using SBD Model: (zh) MiniSBDSentencizer',)
INFO:argostranslate.utils:('sentences', ['???????'])
INFO:argostranslate.utils:('tokenized', [['\u2581', '?', '?', '?', '?', '?', '?', '?']])
INFO:argostranslate.utils:('translated_batches', [TranslationResult(hypotheses=[['\u2581', '\u266a', '\u2581', '\u266a', '\u2581', '\u266a', '\u2581', '\u266a', '\u2581I', "'", 'll', '\u2581be', '\u2581back', '\u2581', '\u266a']], scores=[-10.650267601013184], attention=[], logits=[])])
INFO:argostranslate.utils:('value_hypotheses:', [("\u266a \u266a \u266a \u266a I'll be back \u266a", -10.650267601013184)])
INFO:argostranslate.utils:('translated_paragraphs:', [[("\u266a \u266a \u266a \u266a I'll be back \u266a", -10.650267601013184)]])
INFO:argostranslate.utils:('hypotheses_to_return:', [("\u266a \u266a \u266a \u266a I'll be back \u266a", -10.650267601013184)])
INFO:argostranslate.utils:('paragraphs:', ["\u266a \u266a \u266a \u266a I'll be back \u266a"])
INFO:argostranslate.utils:('apply_packaged_translation', "\u266a \u266a \u266a \u266a I'll be back \u266a")
INFO:argostranslate.utils:('Splitting sentences using SBD Model: (en) MiniSBDSentencizer',)
INFO:argostranslate.utils:('sentences', ["\u266a \u266a \u266a \u266a I'll be back \u266a"])
INFO:argostranslate.utils:('tokenized', [['\u2581\u266a', '\u2581\u266a', '\u2581\u266a', '\u2581\u266a', '\u2581I', "'", 'll', '\u2581be', '\u2581back', '\u2581\u266a']])
INFO:argostranslate.utils:('translated_batches', [TranslationResult(hypotheses=[['\u2581\u266a', '\u2581Anh', '\u2581s\u1ebd', '\u2581quay', '\u2581l\u1ea1i', '\u2581\u266a']], scores=[-1.7911632061004639], attention=[], logits=[])])
INFO:argostranslate.utils:('value_hypotheses:', [('\u266a Anh s\u1ebd quay l\u1ea1i \u266a', -1.7911632061004639)])
INFO:argostranslate.utils:('translated_paragraphs:', [[('\u266a Anh s\u1ebd quay l\u1ea1i \u266a', -1.7911632061004639)]])
INFO:argostranslate.utils:('hypotheses_to_return:', [('\u266a Anh s\u1ebd quay l\u1ea1i \u266a', -1.7911632061004639)])
INFO:argostranslate.utils:('paragraphs:', ['\u8fd9\u662f\u4e00\u4e2a\u6d4b\u8bd5\u3002'])
INFO:argostranslate.utils:('apply_packaged_translation', '\u8fd9\u662f\u4e00\u4e2a\u6d4b\u8bd5\u3002')
INFO:argostranslate.utils:('Splitting sentences using SBD Model: (zh) MiniSBDSentencizer',)
INFO:argostranslate.utils:('sentences', ['\u8fd9\u662f\u4e00\u4e2a\u6d4b\u8bd5\u3002'])
INFO:argostranslate.utils:('tokenized', [['\u2581\u8fd9\u662f\u4e00\u4e2a', '\u6d4b\u8bd5', '\u3002']])
INFO:argostranslate.utils:('translated_batches', [TranslationResult(hypotheses=[['\u2581It', "'", 's', '\u2581a', '\u2581test', '.']], scores=[-1.1999086141586304], attention=[], logits=[])])
INFO:argostranslate.utils:('value_hypotheses:', [("It's a test.", -1.1999086141586304)])
INFO:argostranslate.utils:('translated_paragraphs:', [[("It's a test.", -1.1999086141586304)]])
INFO:argostranslate.utils:('hypotheses_to_return:', [("It's a test.", -1.1999086141586304)])
INFO:argostranslate.utils:('paragraphs:', ["It's a test."])
INFO:argostranslate.utils:('apply_packaged_translation', "It's a test.")
INFO:argostranslate.utils:('Splitting sentences using SBD Model: (en) MiniSBDSentencizer',)
INFO:argostranslate.utils:('sentences', ["It's a test."])
INFO:argostranslate.utils:('tokenized', [['\u2581It', "'", 's', '\u2581a', '\u2581test', '.']])
INFO:argostranslate.utils:('translated_batches', [TranslationResult(hypotheses=[['\u2581\u0110ó', '\u2581là', '\u2581m\u1ed9t', '\u2581bài', '\u2581ki\u1ec3m', '\u2581tra', '.']], scores=[-2.1010727882385254], attention=[], logits=[])])
INFO:argostranslate.utils:('value_hypotheses:', [('\u0110ó là m\u1ed9t bài ki\u1ec3m tra.', -2.1010727882385254)])
INFO:argostranslate.utils:('translated_paragraphs:', [[('\u0110ó là m\u1ed9t bài ki\u1ec3m tra.', -2.1010727882385254)]])
INFO:argostranslate.utils:('hypotheses_to_return:', [('\u0110ó là m\u1ed9t bài ki\u1ec3m tra.', -2.1010727882385254)])
