
--- 2026-09-12T15:46:31.697Z debug
🪵  Writing logs to "D:\readora\readora\.wrangler-config\.wrangler\logs\wrangler-2026-09-12_15-46-31_535.log"
---

--- 2026-09-12T15:46:31.697Z debug
.env file not found at "D:\readora\readora\.env". Continuing... For more details, refer to https://developers.cloudflare.com/workers/wrangler/system-environment-variables/
---

--- 2026-09-12T15:46:31.813Z log

 ⛅️ wrangler 4.131.1
────────────────────
---

--- 2026-09-12T15:46:31.828Z log
Attempting to login via OAuth...
---

--- 2026-09-12T15:46:31.833Z debug
Metrics dispatcher: Posting data {"deviceId":"8a86a744-6265-4b4d-95ea-0c114b348f55","event":"wrangler command started","timestamp":1789227991833,"properties":{"amplitude_session_id":1789227991819,"amplitude_event_id":0,"wranglerVersion":"4.131.1","wranglerMajorVersion":4,"wranglerMinorVersion":131,"wranglerPatchVersion":1,"osPlatform":"Windows","osVersion":"Windows 11 Home Single Language","nodeVersion":24,"packageManager":"npm","isFirstUsage":true,"configFileType":"jsonc","isCI":false,"isPagesCI":false,"isWorkersCI":false,"isInteractive":true,"hasAssets":true,"agent":null,"argsUsed":[],"argsCombination":"","sanitizedCommand":"login","sanitizedArgs":{},"currentAgentSkillsInstalled":null}}
---

--- 2026-09-12T15:46:31.842Z log
Opening a link in your default browser: https://dash.cloudflare.com/oauth2/auth?response_type=code&client_id=54d11594-84e4-41aa-b438-e81b8fa78ee7&redirect_uri=http%3A%2F%2Flocalhost%3A8976%2Foauth%2Fcallback&scope=account%3Aread%20user%3Aread%20workers%3Awrite%20workers_kv%3Awrite%20workers_routes%3Awrite%20workers_scripts%3Awrite%20workers_tail%3Aread%20d1%3Awrite%20pages%3Awrite%20zone%3Aread%20ssl_certs%3Awrite%20ai%3Awrite%20ai-search%3Awrite%20ai-search%3Arun%20websearch.run%20agent-memory%3Awrite%20queues%3Awrite%20pipelines%3Awrite%20secrets_store%3Awrite%20artifacts%3Awrite%20flagship%3Awrite%20containers%3Awrite%20cloudchamber%3Awrite%20connectivity%3Aadmin%20email_routing%3Awrite%20email_sending%3Awrite%20browser%3Awrite%20challenge-widgets.write%20offline_access&state=ZHha-MWTg_2Sy0Y-1QgsAnascw-iZzrd&code_challenge=670W42iJv6-P3qh2PYSkmF2frGI_4vOZhKodpgy6b4s&code_challenge_method=S256
---

--- 2026-09-12T15:46:42.469Z debug
Metrics dispatcher: Failed to send request: fetch failed
---

--- 2026-09-12T15:46:57.204Z debug
fetching auth token grant_type=authorization_code
---

--- 2026-09-12T15:46:57.204Z debug
Checking if domain has Access enabled: dash.cloudflare.com
---

--- 2026-09-12T15:46:57.204Z debug
Access switch not cached for: dash.cloudflare.com
---

--- 2026-09-12T15:46:58.207Z debug
Fetching auth token from https://dash.cloudflare.com/oauth2/token
---

--- 2026-09-12T15:47:06.050Z log
Successfully logged in.
---

--- 2026-09-12T15:47:06.053Z debug
Metrics dispatcher: Posting data {"deviceId":"8a86a744-6265-4b4d-95ea-0c114b348f55","event":"login user","timestamp":1789228026053,"properties":{"amplitude_session_id":1789228026051,"amplitude_event_id":0,"wranglerVersion":"4.131.1","wranglerMajorVersion":4,"wranglerMinorVersion":131,"wranglerPatchVersion":1,"osPlatform":"Windows","osVersion":"Windows 11 Home Single Language","nodeVersion":24,"packageManager":"npm","isFirstUsage":false,"configFileType":"none","isCI":false,"isPagesCI":false,"isWorkersCI":false,"isInteractive":true,"hasAssets":false,"agent":null,"category":"Workers","os":"win32:x64","currentAgentSkillsInstalled":null}}
---

--- 2026-09-12T15:47:06.054Z debug
Metrics dispatcher: Posting data {"deviceId":"8a86a744-6265-4b4d-95ea-0c114b348f55","event":"wrangler command completed","timestamp":1789228026054,"properties":{"amplitude_session_id":1789227991819,"amplitude_event_id":1,"wranglerVersion":"4.131.1","wranglerMajorVersion":4,"wranglerMinorVersion":131,"wranglerPatchVersion":1,"osPlatform":"Windows","osVersion":"Windows 11 Home Single Language","nodeVersion":24,"packageManager":"npm","isFirstUsage":false,"configFileType":"jsonc","isCI":false,"isPagesCI":false,"isWorkersCI":false,"isInteractive":true,"hasAssets":true,"agent":null,"argsUsed":[],"argsCombination":"","sanitizedCommand":"login","sanitizedArgs":{},"durationMs":34352,"currentAgentSkillsInstalled":null}}
---
