
--- 2026-09-12T15:47:58.018Z debug
🪵  Writing logs to "D:\readora\readora\.wrangler-config\.wrangler\logs\wrangler-2026-09-12_15-47-57_867.log"
---

--- 2026-09-12T15:47:58.017Z debug
.env file not found at "D:\readora\readora\.env". Continuing... For more details, refer to https://developers.cloudflare.com/workers/wrangler/system-environment-variables/
---

--- 2026-09-12T15:47:58.131Z log

 ⛅️ wrangler 4.131.1
────────────────────
---

--- 2026-09-12T15:47:58.139Z log

Cloudflare collects anonymous telemetry about your usage of Wrangler. Learn more at https://github.com/cloudflare/workers-sdk/tree/main/packages/wrangler/telemetry.md
---

--- 2026-09-12T15:47:58.161Z debug
Metrics dispatcher: Posting data {"deviceId":"8a86a744-6265-4b4d-95ea-0c114b348f55","event":"wrangler command started","timestamp":1789228078161,"properties":{"amplitude_session_id":1789228078138,"amplitude_event_id":0,"wranglerVersion":"4.131.1","wranglerMajorVersion":4,"wranglerMinorVersion":131,"wranglerPatchVersion":1,"osPlatform":"Windows","osVersion":"Windows 11 Home Single Language","nodeVersion":24,"packageManager":"npm","isFirstUsage":false,"configFileType":"jsonc","isCI":false,"isPagesCI":false,"isWorkersCI":false,"isInteractive":true,"hasAssets":false,"agent":null,"argsUsed":["config"],"argsCombination":"config","sanitizedCommand":"deploy","sanitizedArgs":{},"currentAgentSkillsInstalled":null}}
---

--- 2026-09-12T15:47:58.190Z debug
-- START CF API REQUEST: GET https://api.cloudflare.com/client/v4/accounts
---

--- 2026-09-12T15:47:58.190Z debug
QUERY STRING: omitted; set WRANGLER_LOG_SANITIZE=false to include sanitized data
---

--- 2026-09-12T15:47:58.191Z debug
HEADERS: omitted; set WRANGLER_LOG_SANITIZE=false to include sanitized data
---

--- 2026-09-12T15:47:58.191Z debug
INIT: omitted; set WRANGLER_LOG_SANITIZE=false to include sanitized data
---

--- 2026-09-12T15:47:58.191Z debug
-- END CF API REQUEST
---

--- 2026-09-12T15:47:58.192Z debug
-- START CF API REQUEST: GET https://api.cloudflare.com/client/v4/memberships
---

--- 2026-09-12T15:47:58.192Z debug
QUERY STRING: omitted; set WRANGLER_LOG_SANITIZE=false to include sanitized data
---

--- 2026-09-12T15:47:58.192Z debug
HEADERS: omitted; set WRANGLER_LOG_SANITIZE=false to include sanitized data
---

--- 2026-09-12T15:47:58.193Z debug
INIT: omitted; set WRANGLER_LOG_SANITIZE=false to include sanitized data
---

--- 2026-09-12T15:47:58.193Z debug
-- END CF API REQUEST
---

--- 2026-09-12T15:48:06.856Z debug
-- START CF API RESPONSE: OK 200
---

--- 2026-09-12T15:48:06.856Z debug
HEADERS: omitted; set WRANGLER_LOG_SANITIZE=false to include sanitized data
---

--- 2026-09-12T15:48:06.856Z debug
RESPONSE: omitted; set WRANGLER_LOG_SANITIZE=false to include sanitized data
---

--- 2026-09-12T15:48:06.856Z debug
-- END CF API RESPONSE
---

--- 2026-09-12T15:48:09.582Z debug
-- START CF API RESPONSE: OK 200
---

--- 2026-09-12T15:48:09.582Z debug
HEADERS: omitted; set WRANGLER_LOG_SANITIZE=false to include sanitized data
---

--- 2026-09-12T15:48:09.583Z debug
RESPONSE: omitted; set WRANGLER_LOG_SANITIZE=false to include sanitized data
---

--- 2026-09-12T15:48:09.583Z debug
-- END CF API RESPONSE
---

--- 2026-09-12T15:48:09.584Z debug
Saving to cache: {"account":{"id":"73031e9b7b727df16a35ac4aa132ba69","name":"Tranthanhnguyenviet@gmail.com's Account"}}
---

--- 2026-09-12T15:48:09.612Z debug
Starting verifyWorkerMatchesCITag() with tag: undefined, name: readora-mangadex-proxy
---

--- 2026-09-12T15:48:09.612Z debug
No WRANGLER_CI_MATCH_TAG variable provided, aborting verifyWorkerMatchesCITag()
---

--- 2026-09-12T15:48:09.614Z debug
-- START CF API REQUEST: GET https://api.cloudflare.com/client/v4/accounts/73031e9b7b727df16a35ac4aa132ba69/workers/services/readora-mangadex-proxy
---

--- 2026-09-12T15:48:09.614Z debug
QUERY STRING: omitted; set WRANGLER_LOG_SANITIZE=false to include sanitized data
---

--- 2026-09-12T15:48:09.614Z debug
HEADERS: omitted; set WRANGLER_LOG_SANITIZE=false to include sanitized data
---

--- 2026-09-12T15:48:09.614Z debug
INIT: omitted; set WRANGLER_LOG_SANITIZE=false to include sanitized data
---

--- 2026-09-12T15:48:09.614Z debug
-- END CF API REQUEST
---

--- 2026-09-12T15:48:12.238Z debug
-- START CF API RESPONSE: OK 200
---

--- 2026-09-12T15:48:12.239Z debug
HEADERS: omitted; set WRANGLER_LOG_SANITIZE=false to include sanitized data
---

--- 2026-09-12T15:48:12.239Z debug
RESPONSE: omitted; set WRANGLER_LOG_SANITIZE=false to include sanitized data
---

--- 2026-09-12T15:48:12.239Z debug
-- END CF API RESPONSE
---

--- 2026-09-12T15:48:12.241Z debug
-- START CF API REQUEST: GET https://api.cloudflare.com/client/v4/accounts/73031e9b7b727df16a35ac4aa132ba69/workers/scripts/readora-mangadex-proxy/deployments
---

--- 2026-09-12T15:48:12.241Z debug
QUERY STRING: omitted; set WRANGLER_LOG_SANITIZE=false to include sanitized data
---

--- 2026-09-12T15:48:12.241Z debug
HEADERS: omitted; set WRANGLER_LOG_SANITIZE=false to include sanitized data
---

--- 2026-09-12T15:48:12.241Z debug
INIT: omitted; set WRANGLER_LOG_SANITIZE=false to include sanitized data
---

--- 2026-09-12T15:48:12.241Z debug
-- END CF API REQUEST
---

--- 2026-09-12T15:48:14.638Z debug
-- START CF API RESPONSE: OK 200
---

--- 2026-09-12T15:48:14.638Z debug
HEADERS: omitted; set WRANGLER_LOG_SANITIZE=false to include sanitized data
---

--- 2026-09-12T15:48:14.638Z debug
RESPONSE: omitted; set WRANGLER_LOG_SANITIZE=false to include sanitized data
---

--- 2026-09-12T15:48:14.638Z debug
-- END CF API RESPONSE
---

--- 2026-09-12T15:48:14.641Z log
Total Upload: 3.39 KiB / gzip: 1.39 KiB
---

--- 2026-09-12T15:48:14.642Z debug
-- START CF API REQUEST: GET https://api.cloudflare.com/client/v4/accounts/73031e9b7b727df16a35ac4aa132ba69/workers/scripts/readora-mangadex-proxy/settings
---

--- 2026-09-12T15:48:14.642Z debug
QUERY STRING: omitted; set WRANGLER_LOG_SANITIZE=false to include sanitized data
---

--- 2026-09-12T15:48:14.643Z debug
HEADERS: omitted; set WRANGLER_LOG_SANITIZE=false to include sanitized data
---

--- 2026-09-12T15:48:14.643Z debug
INIT: omitted; set WRANGLER_LOG_SANITIZE=false to include sanitized data
---

--- 2026-09-12T15:48:14.643Z debug
-- END CF API REQUEST
---

--- 2026-09-12T15:48:16.796Z debug
-- START CF API RESPONSE: OK 200
---

--- 2026-09-12T15:48:16.796Z debug
HEADERS: omitted; set WRANGLER_LOG_SANITIZE=false to include sanitized data
---

--- 2026-09-12T15:48:16.796Z debug
RESPONSE: omitted; set WRANGLER_LOG_SANITIZE=false to include sanitized data
---

--- 2026-09-12T15:48:16.796Z debug
-- END CF API RESPONSE
---

--- 2026-09-12T15:48:16.798Z debug
-- START CF API REQUEST: POST https://api.cloudflare.com/client/v4/accounts/73031e9b7b727df16a35ac4aa132ba69/workers/scripts/readora-mangadex-proxy/versions
---

--- 2026-09-12T15:48:16.798Z debug
QUERY STRING: omitted; set WRANGLER_LOG_SANITIZE=false to include sanitized data
---

--- 2026-09-12T15:48:16.798Z debug
HEADERS: omitted; set WRANGLER_LOG_SANITIZE=false to include sanitized data
---

--- 2026-09-12T15:48:16.798Z debug
INIT: omitted; set WRANGLER_LOG_SANITIZE=false to include sanitized data
---

--- 2026-09-12T15:48:16.799Z debug
BODY: omitted; set WRANGLER_LOG_SANITIZE=false to include sanitized data
---

--- 2026-09-12T15:48:16.799Z debug
-- END CF API REQUEST
---

--- 2026-09-12T15:48:19.820Z debug
-- START CF API RESPONSE: OK 200
---

--- 2026-09-12T15:48:19.821Z debug
HEADERS: omitted; set WRANGLER_LOG_SANITIZE=false to include sanitized data
---

--- 2026-09-12T15:48:19.821Z debug
RESPONSE: omitted; set WRANGLER_LOG_SANITIZE=false to include sanitized data
---

--- 2026-09-12T15:48:19.821Z debug
-- END CF API RESPONSE
---

--- 2026-09-12T15:48:19.822Z debug
-- START CF API REQUEST: POST https://api.cloudflare.com/client/v4/accounts/73031e9b7b727df16a35ac4aa132ba69/workers/scripts/readora-mangadex-proxy/deployments
---

--- 2026-09-12T15:48:19.822Z debug
QUERY STRING: omitted; set WRANGLER_LOG_SANITIZE=false to include sanitized data
---

--- 2026-09-12T15:48:19.822Z debug
HEADERS: omitted; set WRANGLER_LOG_SANITIZE=false to include sanitized data
---

--- 2026-09-12T15:48:19.823Z debug
INIT: omitted; set WRANGLER_LOG_SANITIZE=false to include sanitized data
---

--- 2026-09-12T15:48:19.823Z debug
-- END CF API REQUEST
---

--- 2026-09-12T15:48:22.115Z debug
-- START CF API RESPONSE: OK 200
---

--- 2026-09-12T15:48:22.116Z debug
HEADERS: omitted; set WRANGLER_LOG_SANITIZE=false to include sanitized data
---

--- 2026-09-12T15:48:22.116Z debug
RESPONSE: omitted; set WRANGLER_LOG_SANITIZE=false to include sanitized data
---

--- 2026-09-12T15:48:22.116Z debug
-- END CF API RESPONSE
---

--- 2026-09-12T15:48:22.117Z debug
-- START CF API REQUEST: PATCH https://api.cloudflare.com/client/v4/accounts/73031e9b7b727df16a35ac4aa132ba69/workers/scripts/readora-mangadex-proxy/script-settings
---

--- 2026-09-12T15:48:22.117Z debug
QUERY STRING: omitted; set WRANGLER_LOG_SANITIZE=false to include sanitized data
---

--- 2026-09-12T15:48:22.117Z debug
HEADERS: omitted; set WRANGLER_LOG_SANITIZE=false to include sanitized data
---

--- 2026-09-12T15:48:22.117Z debug
INIT: omitted; set WRANGLER_LOG_SANITIZE=false to include sanitized data
---

--- 2026-09-12T15:48:22.117Z debug
-- END CF API REQUEST
---

--- 2026-09-12T15:48:24.860Z debug
-- START CF API RESPONSE: OK 200
---

--- 2026-09-12T15:48:24.860Z debug
HEADERS: omitted; set WRANGLER_LOG_SANITIZE=false to include sanitized data
---

--- 2026-09-12T15:48:24.860Z debug
RESPONSE: omitted; set WRANGLER_LOG_SANITIZE=false to include sanitized data
---

--- 2026-09-12T15:48:24.860Z debug
-- END CF API RESPONSE
---

--- 2026-09-12T15:48:24.860Z log
Worker Startup Time: 5 ms
---

--- 2026-09-12T15:48:24.862Z log
Uploaded readora-mangadex-proxy (12.62 sec)
---

--- 2026-09-12T15:48:24.864Z debug
-- START CF API REQUEST: GET https://api.cloudflare.com/client/v4/accounts/73031e9b7b727df16a35ac4aa132ba69/workers/subdomain
---

--- 2026-09-12T15:48:24.864Z debug
QUERY STRING: omitted; set WRANGLER_LOG_SANITIZE=false to include sanitized data
---

--- 2026-09-12T15:48:24.864Z debug
HEADERS: omitted; set WRANGLER_LOG_SANITIZE=false to include sanitized data
---

--- 2026-09-12T15:48:24.864Z debug
INIT: omitted; set WRANGLER_LOG_SANITIZE=false to include sanitized data
---

--- 2026-09-12T15:48:24.864Z debug
-- END CF API REQUEST
---

--- 2026-09-12T15:48:27.412Z debug
-- START CF API RESPONSE: OK 200
---

--- 2026-09-12T15:48:27.412Z debug
HEADERS: omitted; set WRANGLER_LOG_SANITIZE=false to include sanitized data
---

--- 2026-09-12T15:48:27.412Z debug
RESPONSE: omitted; set WRANGLER_LOG_SANITIZE=false to include sanitized data
---

--- 2026-09-12T15:48:27.412Z debug
-- END CF API RESPONSE
---

--- 2026-09-12T15:48:27.414Z debug
-- START CF API REQUEST: GET https://api.cloudflare.com/client/v4/accounts/73031e9b7b727df16a35ac4aa132ba69/workers/scripts/readora-mangadex-proxy/subdomain
---

--- 2026-09-12T15:48:27.414Z debug
QUERY STRING: omitted; set WRANGLER_LOG_SANITIZE=false to include sanitized data
---

--- 2026-09-12T15:48:27.414Z debug
HEADERS: omitted; set WRANGLER_LOG_SANITIZE=false to include sanitized data
---

--- 2026-09-12T15:48:27.414Z debug
INIT: omitted; set WRANGLER_LOG_SANITIZE=false to include sanitized data
---

--- 2026-09-12T15:48:27.414Z debug
-- END CF API REQUEST
---

--- 2026-09-12T15:48:29.997Z debug
-- START CF API RESPONSE: OK 200
---

--- 2026-09-12T15:48:29.998Z debug
HEADERS: omitted; set WRANGLER_LOG_SANITIZE=false to include sanitized data
---

--- 2026-09-12T15:48:29.998Z debug
RESPONSE: omitted; set WRANGLER_LOG_SANITIZE=false to include sanitized data
---

--- 2026-09-12T15:48:29.998Z debug
-- END CF API RESPONSE
---

--- 2026-09-12T15:48:29.999Z debug
-- START CF API REQUEST: POST https://api.cloudflare.com/client/v4/accounts/73031e9b7b727df16a35ac4aa132ba69/workers/scripts/readora-mangadex-proxy/subdomain
---

--- 2026-09-12T15:48:30.000Z debug
QUERY STRING: omitted; set WRANGLER_LOG_SANITIZE=false to include sanitized data
---

--- 2026-09-12T15:48:30.000Z debug
HEADERS: omitted; set WRANGLER_LOG_SANITIZE=false to include sanitized data
---

--- 2026-09-12T15:48:30.000Z debug
INIT: omitted; set WRANGLER_LOG_SANITIZE=false to include sanitized data
---

--- 2026-09-12T15:48:30.000Z debug
-- END CF API REQUEST
---

--- 2026-09-12T15:48:32.726Z debug
-- START CF API RESPONSE: OK 200
---

--- 2026-09-12T15:48:32.726Z debug
HEADERS: omitted; set WRANGLER_LOG_SANITIZE=false to include sanitized data
---

--- 2026-09-12T15:48:32.726Z debug
RESPONSE: omitted; set WRANGLER_LOG_SANITIZE=false to include sanitized data
---

--- 2026-09-12T15:48:32.726Z debug
-- END CF API RESPONSE
---

--- 2026-09-12T15:48:32.726Z log
Deployed readora-mangadex-proxy triggers (7.86 sec)
---

--- 2026-09-12T15:48:32.726Z log
  https://readora-mangadex-proxy.tranthanhnguyenviet.workers.dev
---

--- 2026-09-12T15:48:32.727Z log
Current Version ID: 05f97962-a24e-4194-a960-9cd3a101c4f6
---

--- 2026-09-12T15:48:32.728Z debug
Metrics dispatcher: Posting data {"deviceId":"8a86a744-6265-4b4d-95ea-0c114b348f55","event":"deploy worker script","timestamp":1789228112728,"properties":{"amplitude_session_id":1789228112727,"amplitude_event_id":0,"wranglerVersion":"4.131.1","wranglerMajorVersion":4,"wranglerMinorVersion":131,"wranglerPatchVersion":1,"osPlatform":"Windows","osVersion":"Windows 11 Home Single Language","nodeVersion":24,"packageManager":"npm","isFirstUsage":false,"configFileType":"none","isCI":false,"isPagesCI":false,"isWorkersCI":false,"isInteractive":true,"hasAssets":false,"agent":null,"category":"Workers","os":"win32:x64","usesTypeScript":true,"durationMs":23141,"currentAgentSkillsInstalled":null}}
---

--- 2026-09-12T15:48:32.731Z debug
Metrics dispatcher: Posting data {"deviceId":"8a86a744-6265-4b4d-95ea-0c114b348f55","event":"wrangler command completed","timestamp":1789228112730,"properties":{"amplitude_session_id":1789228078138,"amplitude_event_id":1,"wranglerVersion":"4.131.1","wranglerMajorVersion":4,"wranglerMinorVersion":131,"wranglerPatchVersion":1,"osPlatform":"Windows","osVersion":"Windows 11 Home Single Language","nodeVersion":24,"packageManager":"npm","isFirstUsage":false,"configFileType":"jsonc","isCI":false,"isPagesCI":false,"isWorkersCI":false,"isInteractive":true,"hasAssets":false,"agent":null,"argsUsed":["config"],"argsCombination":"config","sanitizedCommand":"deploy","sanitizedArgs":{},"durationMs":34708,"currentAgentSkillsInstalled":null}}
---
